// Jest Snapshot v1, https://goo.gl/fbAQLP

exports[`Notification component should renders without crashing 1`] = `
<input
  className="form-control btn deep-purple lighten-3 custombutton"
  type="submit"
/>
`;
